KURV MinBLEP measurement evidence, 2026-09-05
Base commit: 251d8b84e40e6c574e20e59f5ff4f7b1c6a02874
rustc 1.98.0 (88d9e12ae 2026-08-18) (Arch Linux rust 1:1.98.0-1.1)
binary: rustc
commit-hash: 88d9e12ae178fab0fb5cc050a94da85685d449ea
commit-date: 2026-08-18
host: x86_64-unknown-linux-gnu
release: 1.98.0
LLVM version: 22.1.8
CPU timings are contended and build settings differ; do not compare speed.
Source hashes below identify the post-format report snapshot, not a complete compiled-input manifest; binary hashes identify the executed artifacts.
kurv-audit-baseline-tests sha256=8a3d45347b968c7c419afb794e03a31e556a90a9fd4ab371f398bb7e1d1bbff8
kurv-audit-corrected-metrics-tests sha256=36c82b4e074c97b2d87602251fd9c49f454c84dd589f15f6a49ad4abe50727e1
Corrected current source src/oscillators/va/minblep_experiment.rs sha256=60a23c4f92882e97ea5258b0b192d6c480b0063dc342e280f2c8f59af072ce44
Corrected current source src/oscillators/va/experiment.rs sha256=c6529c1d9035baaabc78058de0310290896d21ff6f107fa5acf23a3df1f0724a
Corrected current source src/oversampling.rs sha256=03a6390ee462ba87f1b1ea8bfaf2166881e190023dd91892dc9edbc1d4765d57

PRE-CORRECTION (release, thin LTO, one codegen unit)

running 1 test
test oscillators::va::minblep_experiment::sparse_minblep_ring_report ... minblep_contract,reference=ideal_harmonic_projection,runtime=fractional_crossing_event_deposit+fixed_ring,table_oversample=16,table_bytes=516|1028|2052,scalar_state_bytes=48|80|144,x8_state_bytes=352|608|1120,blocks=24|32
minblep_kernel,taps=8,mean_residual_area=-1.906430125,fractional_area_span=0.937499642,saw_dc_compensation=jump_x_event_rate_x_mean_area
minblep_kernel,taps=16,mean_residual_area=-2.381638527,fractional_area_span=0.937500477,saw_dc_compensation=jump_x_event_rate_x_mean_area
minblep_kernel,taps=32,mean_residual_area=-2.820178747,fractional_area_span=0.937500238,saw_dc_compensation=jump_x_event_rate_x_mean_area
minblep_quality,mode=shipping1,wave=saw,frequency_hz=110.091743,period=436,lag=33.0000,curve_rms=0.006401791,curve_max=0.099362411,wanted_magnitude_error_db=-40.965,wanted_complex_error_db=-39.243,alias_error_db=-39.091,dc=0.000001227,gain=0.999765663,peak=1.181338668,max_step=1.280701078
minblep_quality,mode=shipping2,wave=saw,frequency_hz=110.091743,period=436,lag=32.4375,curve_rms=0.009549557,curve_max=0.093646060,wanted_magnitude_error_db=-36.075,wanted_complex_error_db=-35.678,alias_error_db=-35.617,dc=0.000002088,gain=1.004039344,peak=1.171908981,max_step=1.247367104
minblep_quality,mode=shipping1,wave=saw,frequency_hz=872.727273,period=55,lag=-22.0000,curve_rms=0.015875457,curve_max=0.024340701,wanted_magnitude_error_db=-31.118,wanted_complex_error_db=-31.117,alias_error_db=-31.117,dc=0.000000333,gain=0.998214442,peak=1.137879729,max_step=1.139634381
minblep_quality,mode=shipping2,wave=saw,frequency_hz=872.727273,period=55,lag=-22.5000,curve_rms=0.024684822,curve_max=0.043553064,wanted_magnitude_error_db=-27.283,wanted_complex_error_db=-27.283,alias_error_db=-27.283,dc=0.000000377,gain=0.996389322,peak=1.133592248,max_step=1.135510485
minblep_quality,mode=shipping1,wave=saw,frequency_hz=6857.142857,period=7,lag=-2.0000,curve_rms=0.003529083,curve_max=0.005031936,wanted_magnitude_error_db=-43.453,wanted_complex_error_db=-43.453,alias_error_db=-43.453,dc=0.000000009,gain=0.996915415,peak=0.897066057,max_step=0.897066137
minblep_quality,mode=shipping2,wave=saw,frequency_hz=6857.142857,period=7,lag=-2.5000,curve_rms=0.004374779,curve_max=0.005221164,wanted_magnitude_error_db=-41.587,wanted_complex_error_db=-41.587,alias_error_db=-41.587,dc=-0.000000275,gain=0.996517889,peak=0.895709937,max_step=0.895757989
minblep_quality,mode=shipping1,wave=square,frequency_hz=110.091743,period=436,lag=33.0000,curve_rms=0.009287588,curve_max=0.100228809,wanted_magnitude_error_db=-42.498,wanted_complex_error_db=-40.773,alias_error_db=-40.634,dc=-0.000001303,gain=0.999838098,peak=1.185808659,max_step=1.286037467
minblep_quality,mode=shipping2,wave=square,frequency_hz=110.091743,period=436,lag=32.4375,curve_rms=0.014044524,curve_max=0.093885697,wanted_magnitude_error_db=-37.458,wanted_complex_error_db=-37.098,alias_error_db=-37.042,dc=-0.000002507,gain=1.004591283,peak=1.176760387,max_step=1.251983607
minblep_quality,mode=shipping1,wave=square,frequency_hz=872.727273,period=55,lag=-22.0000,curve_rms=0.027797515,curve_max=0.088173278,wanted_magnitude_error_db=-31.057,wanted_complex_error_db=-31.057,alias_error_db=-31.057,dc=-0.000000959,gain=1.000592018,peak=1.174215317,max_step=1.943034828
minblep_quality,mode=shipping2,wave=square,frequency_hz=872.727273,period=55,lag=-22.5000,curve_rms=0.038337520,curve_max=0.073609936,wanted_magnitude_error_db=-28.264,wanted_complex_error_db=-28.264,alias_error_db=-28.264,dc=-0.000000965,gain=0.995201176,peak=1.170224365,max_step=1.624491243
minblep_quality,mode=shipping1,wave=square,frequency_hz=6857.142857,period=7,lag=-2.0625,curve_rms=0.098351387,curve_max=0.164672791,wanted_magnitude_error_db=-23.479,wanted_complex_error_db=-19.690,alias_error_db=-19.690,dc=-0.000000043,gain=1.021809914,peak=1.242625480,max_step=2.094574755
minblep_quality,mode=shipping2,wave=square,frequency_hz=6857.142857,period=7,lag=-2.5000,curve_rms=0.008400953,curve_max=0.011777746,wanted_magnitude_error_db=-41.059,wanted_complex_error_db=-41.059,alias_error_db=-41.059,dc=0.000000430,gain=0.996968563,peak=1.174162213,max_step=1.908982671
minblep_quality,mode=shipping1,wave=pulse31,frequency_hz=110.091743,period=436,lag=33.0000,curve_rms=0.380099425,curve_max=0.477982179,wanted_magnitude_error_db=-43.761,wanted_complex_error_db=-40.756,alias_error_db=-8.394,dc=0.000000363,gain=0.924716859,peak=1.551257610,max_step=1.543289661
minblep_quality,mode=shipping2,wave=pulse31,frequency_hz=110.091743,period=436,lag=32.4375,curve_rms=0.380243322,curve_max=0.447336950,wanted_magnitude_error_db=-37.073,wanted_complex_error_db=-36.685,alias_error_db=-8.391,dc=-0.000000961,gain=0.928884851,peak=1.557259495,max_step=1.462959413
minblep_quality,mode=shipping1,wave=pulse31,frequency_hz=872.727273,period=55,lag=-22.0000,curve_rms=0.380728332,curve_max=0.415789980,wanted_magnitude_error_db=-32.357,wanted_complex_error_db=-31.817,alias_error_db=-8.323,dc=0.000000802,gain=0.922412885,peak=1.554215312,max_step=1.306206197
minblep_quality,mode=shipping2,wave=pulse31,frequency_hz=872.727273,period=55,lag=-22.5000,curve_rms=0.381534093,curve_max=0.438872419,wanted_magnitude_error_db=-28.574,wanted_complex_error_db=-28.574,alias_error_db=-8.305,dc=0.000000593,gain=0.920822110,peak=1.552941221,max_step=1.254632719
minblep_quality,mode=shipping1,wave=pulse31,frequency_hz=6857.142857,period=7,lag=-2.0000,curve_rms=0.381933092,curve_max=0.434525279,wanted_magnitude_error_db=-32.469,wanted_complex_error_db=-27.006,alias_error_db=-7.797,dc=0.000014011,gain=0.911702102,peak=1.676236272,max_step=1.389405191
minblep_quality,mode=shipping2,wave=pulse31,frequency_hz=6857.142857,period=7,lag=-2.5000,curve_rms=0.380017848,curve_max=0.383621958,wanted_magnitude_error_db=-49.215,wanted_complex_error_db=-49.212,alias_error_db=-7.841,dc=0.000006269,gain=0.912558809,peak=1.719121410,max_step=1.431881458
minblep_quality,mode=minblep8_mean,wave=saw,frequency_hz=110.091743,period=436,lag=2.0000,curve_rms=0.015655098,curve_max=0.211599546,wanted_magnitude_error_db=-41.312,wanted_complex_error_db=-31.354,alias_error_db=-31.324,dc=0.000001594,gain=1.000001845,peak=1.282402873,max_step=1.384254500
minblep_quality,mode=minblep8_mean,wave=saw,frequency_hz=872.727273,period=55,lag=2.0000,curve_rms=0.045468322,curve_max=0.202139274,wanted_magnitude_error_db=-33.596,wanted_complex_error_db=-21.978,alias_error_db=-21.978,dc=-0.000000053,gain=1.000041007,peak=1.243045092,max_step=1.368361831
minblep_quality,mode=minblep8_mean,wave=saw,frequency_hz=6857.142857,period=7,lag=2.0625,curve_rms=0.104665641,curve_max=0.173767436,wanted_magnitude_error_db=-23.702,wanted_complex_error_db=-14.010,alias_error_db=-14.010,dc=0.000000392,gain=0.973290129,peak=0.976104600,max_step=1.033982209
minblep_fractional,taps=8,wave=saw,frequency_hz=6857.142857,phases=16,worst_curve_rms=0.125100621,worst_alias_error_db=-12.461,worst_abs_dc=0.000000392,lag_min=2.0000,lag_max=2.0625
minblep_transition,taps=8,kind=pitch,mode=shipping1,wave=saw,peak=0.966396630,dc=-0.001365282,max_step=1.121614456,local_step=0.841409147
minblep_transition,taps=8,kind=pitch,mode=minblep,wave=saw,peak=1.266138315,dc=-0.001468874,max_step=1.634970188,local_step=1.350689650
minblep_transition,taps=8,kind=reset,mode=shipping1,wave=saw,peak=0.966396630,dc=-0.002564344,max_step=1.121614456,local_step=1.119488955
minblep_transition,taps=8,kind=reset,mode=minblep,wave=saw,peak=1.266816616,dc=-0.002693760,max_step=1.634970188,local_step=1.510430574
minblep_parity,taps=8,wave=saw,frames=4096,pitch_transition=1024,width_transition=2048,reset_transition=3072,max_abs_error=0.000000000
minblep_cpu,taps=8,block=24,wave=saw,frequency_hz=440.000,scalar_current_ns=9.064,scalar_minblep_ns=9.570,scalar_ratio=1.056,x8_current_ns=4.344,x8_minblep_ns=12.736,x8_ratio=2.932,checksum=-13190275.000000000
minblep_cpu,taps=8,block=32,wave=saw,frequency_hz=440.000,scalar_current_ns=9.359,scalar_minblep_ns=9.414,scalar_ratio=1.006,x8_current_ns=4.171,x8_minblep_ns=12.540,x8_ratio=3.006,checksum=-785955.750000000
minblep_cpu,taps=8,block=24,wave=saw,frequency_hz=3520.000,scalar_current_ns=11.549,scalar_minblep_ns=13.084,scalar_ratio=1.133,x8_current_ns=5.836,x8_minblep_ns=42.245,x8_ratio=7.238,checksum=88627.968750000
minblep_cpu,taps=8,block=32,wave=saw,frequency_hz=3520.000,scalar_current_ns=11.476,scalar_minblep_ns=13.308,scalar_ratio=1.160,x8_current_ns=5.813,x8_minblep_ns=47.896,x8_ratio=8.239,checksum=366991.906250000
minblep_cpu,taps=8,block=24,wave=saw,frequency_hz=7040.000,scalar_current_ns=18.353,scalar_minblep_ns=16.775,scalar_ratio=0.914,x8_current_ns=6.388,x8_minblep_ns=84.400,x8_ratio=13.212,checksum=130003.851562500
minblep_cpu,taps=8,block=32,wave=saw,frequency_hz=7040.000,scalar_current_ns=15.425,scalar_minblep_ns=17.131,scalar_ratio=1.111,x8_current_ns=6.526,x8_minblep_ns=96.706,x8_ratio=14.820,checksum=501760.062500000
minblep_quality,mode=minblep8_mean,wave=square,frequency_hz=110.091743,period=436,lag=2.0000,curve_rms=0.022245558,curve_max=0.212278098,wanted_magnitude_error_db=-43.028,wanted_complex_error_db=-33.061,alias_error_db=-33.047,dc=-0.000001251,gain=1.000001147,peak=1.287645102,max_step=1.388841748
minblep_quality,mode=minblep8_mean,wave=square,frequency_hz=872.727273,period=55,lag=2.0000,curve_rms=0.052107206,curve_max=0.205524262,wanted_magnitude_error_db=-29.413,wanted_complex_error_db=-25.599,alias_error_db=-25.599,dc=-0.000000348,gain=0.999511940,peak=1.282805681,max_step=1.572763801
minblep_quality,mode=minblep8_mean,wave=square,frequency_hz=6857.142857,period=7,lag=2.0000,curve_rms=0.170390759,curve_max=0.235646456,wanted_magnitude_error_db=-19.317,wanted_complex_error_db=-14.917,alias_error_db=-14.917,dc=-0.000000783,gain=0.960459224,peak=1.240499258,max_step=1.545045495
minblep_fractional,taps=8,wave=square,frequency_hz=6857.142857,phases=16,worst_curve_rms=0.170390924,worst_alias_error_db=-14.917,worst_abs_dc=0.000000783,lag_min=2.0000,lag_max=2.0000
minblep_transition,taps=8,kind=pitch,mode=shipping1,wave=square,peak=1.000000000,dc=0.002486218,max_step=1.139947772,local_step=1.139381409
minblep_transition,taps=8,kind=pitch,mode=minblep,wave=square,peak=1.286885023,dc=0.002454180,max_step=1.653303504,local_step=1.621898651
minblep_transition,taps=8,kind=reset,mode=shipping1,wave=square,peak=1.000000000,dc=0.005139977,max_step=1.139947772,local_step=1.137822151
minblep_transition,taps=8,kind=reset,mode=minblep,wave=square,peak=1.288485527,dc=0.005139972,max_step=1.653303504,local_step=1.528764009
minblep_transition,taps=8,kind=width,mode=shipping1,wave=square,peak=1.379999995,dc=0.002158292,max_step=1.138255239,local_step=1.138051510
minblep_transition,taps=8,kind=width,mode=minblep,wave=square,peak=1.288613796,dc=0.191698834,max_step=1.649624705,local_step=1.604106545
minblep_parity,taps=8,wave=square,frames=4096,pitch_transition=1024,width_transition=2048,reset_transition=3072,max_abs_error=0.000000000
minblep_cpu,taps=8,block=24,wave=square,frequency_hz=440.000,scalar_current_ns=9.747,scalar_minblep_ns=9.770,scalar_ratio=1.002,x8_current_ns=22.397,x8_minblep_ns=22.972,x8_ratio=1.026,checksum=-947253.312500000
minblep_cpu,taps=8,block=32,wave=square,frequency_hz=440.000,scalar_current_ns=9.603,scalar_minblep_ns=11.392,scalar_ratio=1.186,x8_current_ns=17.082,x8_minblep_ns=29.053,x8_ratio=1.701,checksum=1436248.250000000
minblep_cpu,taps=8,block=24,wave=square,frequency_hz=3520.000,scalar_current_ns=14.490,scalar_minblep_ns=17.246,scalar_ratio=1.190,x8_current_ns=36.160,x8_minblep_ns=90.059,x8_ratio=2.491,checksum=-191099.609375000
minblep_cpu,taps=8,block=32,wave=square,frequency_hz=3520.000,scalar_current_ns=14.583,scalar_minblep_ns=20.262,scalar_ratio=1.389,x8_current_ns=33.578,x8_minblep_ns=96.220,x8_ratio=2.866,checksum=-214767.265625000
minblep_cpu,taps=8,block=24,wave=square,frequency_hz=7040.000,scalar_current_ns=20.236,scalar_minblep_ns=28.424,scalar_ratio=1.405,x8_current_ns=42.283,x8_minblep_ns=168.189,x8_ratio=3.978,checksum=60642.496093750
minblep_cpu,taps=8,block=32,wave=square,frequency_hz=7040.000,scalar_current_ns=20.506,scalar_minblep_ns=24.310,scalar_ratio=1.186,x8_current_ns=32.719,x8_minblep_ns=155.650,x8_ratio=4.757,checksum=-266719.656250000
minblep_quality,mode=minblep8_mean,wave=pulse31,frequency_hz=110.091743,period=436,lag=2.0000,curve_rms=0.020225521,curve_max=0.213785976,wanted_magnitude_error_db=-44.300,wanted_complex_error_db=-33.271,alias_error_db=-33.874,dc=-0.379999813,gain=1.000057709,peak=1.287614584,max_step=1.584747672
minblep_quality,mode=minblep8_mean,wave=pulse31,frequency_hz=872.727273,period=55,lag=2.0000,curve_rms=0.063335538,curve_max=0.218878962,wanted_magnitude_error_db=-35.611,wanted_complex_error_db=-23.215,alias_error_db=-23.903,dc=-0.380000003,gain=1.000405217,peak=1.282805681,max_step=1.475949526
minblep_quality,mode=minblep8_mean,wave=pulse31,frequency_hz=6857.142857,period=7,lag=2.0000,curve_rms=0.085225765,curve_max=0.128009673,wanted_magnitude_error_db=-30.347,wanted_complex_error_db=-20.045,alias_error_db=-20.825,dc=-0.380000285,gain=0.994033290,peak=1.277333021,max_step=1.526127100
minblep_fractional,taps=8,wave=pulse31,frequency_hz=6857.142857,phases=16,worst_curve_rms=0.100055628,worst_alias_error_db=-19.432,worst_abs_dc=0.380000421,lag_min=2.0000,lag_max=2.0000
minblep_transition,taps=8,kind=pitch,mode=shipping1,wave=pulse31,peak=1.379999995,dc=0.000323669,max_step=1.139947772,local_step=1.131725550
minblep_transition,taps=8,kind=pitch,mode=minblep,wave=pulse31,peak=1.286911249,dc=-0.379608452,max_step=1.708125353,local_step=1.697525501
minblep_transition,taps=8,kind=reset,mode=shipping1,wave=pulse31,peak=1.379999995,dc=0.003958898,max_step=1.139947772,local_step=1.137822151
minblep_transition,taps=8,kind=reset,mode=minblep,wave=pulse31,peak=1.288485527,dc=-0.375577092,max_step=1.653303504,local_step=1.647919297
minblep_transition,taps=8,kind=width,mode=shipping1,wave=pulse31,peak=1.379999995,dc=-0.000000308,max_step=1.240000010,local_step=1.240000010
minblep_transition,taps=8,kind=width,mode=minblep,wave=pulse31,peak=1.288613796,dc=-0.000594861,max_step=1.649624705,local_step=1.649269819
minblep_parity,taps=8,wave=pulse31,frames=4096,pitch_transition=1024,width_transition=2048,reset_transition=3072,max_abs_error=0.000000000
minblep_cpu,taps=8,block=24,wave=pulse31,frequency_hz=440.000,scalar_current_ns=9.476,scalar_minblep_ns=8.427,scalar_ratio=0.889,x8_current_ns=17.359,x8_minblep_ns=21.256,x8_ratio=1.224,checksum=-3058103552.000000000
minblep_cpu,taps=8,block=32,wave=pulse31,frequency_hz=440.000,scalar_current_ns=10.335,scalar_minblep_ns=8.668,scalar_ratio=0.839,x8_current_ns=17.290,x8_minblep_ns=21.451,x8_ratio=1.241,checksum=-3084787712.000000000
minblep_cpu,taps=8,block=24,wave=pulse31,frequency_hz=3520.000,scalar_current_ns=14.233,scalar_minblep_ns=15.252,scalar_ratio=1.072,x8_current_ns=32.647,x8_minblep_ns=84.144,x8_ratio=2.577,checksum=-3084355328.000000000
minblep_cpu,taps=8,block=32,wave=pulse31,frequency_hz=3520.000,scalar_current_ns=18.305,scalar_minblep_ns=19.295,scalar_ratio=1.054,x8_current_ns=33.741,x8_minblep_ns=85.702,x8_ratio=2.540,checksum=-3084493568.000000000
minblep_cpu,taps=8,block=24,wave=pulse31,frequency_hz=7040.000,scalar_current_ns=18.649,scalar_minblep_ns=22.873,scalar_ratio=1.226,x8_current_ns=32.729,x8_minblep_ns=164.198,x8_ratio=5.017,checksum=-3083724800.000000000
minblep_cpu,taps=8,block=32,wave=pulse31,frequency_hz=7040.000,scalar_current_ns=20.279,scalar_minblep_ns=27.518,scalar_ratio=1.357,x8_current_ns=42.807,x8_minblep_ns=228.210,x8_ratio=5.331,checksum=-3084215552.000000000
minblep_quality,mode=minblep16_mean,wave=saw,frequency_hz=110.091743,period=436,lag=2.5000,curve_rms=0.020780828,curve_max=0.234622300,wanted_magnitude_error_db=-41.074,wanted_complex_error_db=-28.872,alias_error_db=-28.863,dc=0.000001590,gain=1.000083798,peak=1.315410529,max_step=1.403882168
minblep_quality,mode=minblep16_mean,wave=saw,frequency_hz=872.727273,period=55,lag=2.5625,curve_rms=0.058410614,curve_max=0.240087650,wanted_magnitude_error_db=-33.036,wanted_complex_error_db=-19.802,alias_error_db=-19.802,dc=-0.000000092,gain=1.000298082,peak=1.296275912,max_step=1.323076319
minblep_quality,mode=minblep16_mean,wave=saw,frequency_hz=6857.142857,period=7,lag=2.6250,curve_rms=0.154859946,curve_max=0.244250446,wanted_magnitude_error_db=-29.608,wanted_complex_error_db=-10.607,alias_error_db=-10.607,dc=0.000000000,gain=1.003025790,peak=1.062009389,max_step=1.079499730
minblep_fractional,taps=16,wave=saw,frequency_hz=6857.142857,phases=16,worst_curve_rms=0.154859946,worst_alias_error_db=-10.607,worst_abs_dc=0.000000255,lag_min=2.5625,lag_max=2.6250
minblep_transition,taps=16,kind=pitch,mode=shipping1,wave=saw,peak=0.966396630,dc=-0.001365282,max_step=1.121614456,local_step=0.841409147
minblep_transition,taps=16,kind=pitch,mode=minblep,wave=saw,peak=1.384738803,dc=-0.001548830,max_step=1.537970543,local_step=1.291066527
minblep_transition,taps=16,kind=reset,mode=shipping1,wave=saw,peak=0.966396630,dc=-0.002564344,max_step=1.121614456,local_step=1.119488955
minblep_transition,taps=16,kind=reset,mode=minblep,wave=saw,peak=1.385712504,dc=-0.002721568,max_step=1.537970543,local_step=1.482200265
minblep_parity,taps=16,wave=saw,frames=4096,pitch_transition=1024,width_transition=2048,reset_transition=3072,max_abs_error=0.000000000
minblep_cpu,taps=16,block=24,wave=saw,frequency_hz=440.000,scalar_current_ns=10.308,scalar_minblep_ns=15.090,scalar_ratio=1.464,x8_current_ns=5.061,x8_minblep_ns=23.547,x8_ratio=4.653,checksum=-9131927.000000000
minblep_cpu,taps=16,block=32,wave=saw,frequency_hz=440.000,scalar_current_ns=13.064,scalar_minblep_ns=13.845,scalar_ratio=1.060,x8_current_ns=4.594,x8_minblep_ns=25.002,x8_ratio=5.443,checksum=-326067.156250000
minblep_cpu,taps=16,block=24,wave=saw,frequency_hz=3520.000,scalar_current_ns=12.031,scalar_minblep_ns=21.061,scalar_ratio=1.751,x8_current_ns=5.909,x8_minblep_ns=106.065,x8_ratio=17.949,checksum=276535.406250000
minblep_cpu,taps=16,block=32,wave=saw,frequency_hz=3520.000,scalar_current_ns=16.380,scalar_minblep_ns=25.081,scalar_ratio=1.531,x8_current_ns=6.473,x8_minblep_ns=98.920,x8_ratio=15.282,checksum=311621.562500000
minblep_cpu,taps=16,block=24,wave=saw,frequency_hz=7040.000,scalar_current_ns=23.277,scalar_minblep_ns=39.250,scalar_ratio=1.686,x8_current_ns=6.438,x8_minblep_ns=217.526,x8_ratio=33.789,checksum=203949.671875000
minblep_cpu,taps=16,block=32,wave=saw,frequency_hz=7040.000,scalar_current_ns=18.378,scalar_minblep_ns=29.475,scalar_ratio=1.604,x8_current_ns=6.202,x8_minblep_ns=195.714,x8_ratio=31.559,checksum=575689.937500000
minblep_quality,mode=minblep16_mean,wave=square,frequency_hz=110.091743,period=436,lag=2.5000,curve_rms=0.029544503,curve_max=0.235324756,wanted_magnitude_error_db=-42.716,wanted_complex_error_db=-30.591,alias_error_db=-30.582,dc=-0.000001251,gain=1.000058515,peak=1.320697468,max_step=1.408189567
minblep_quality,mode=minblep16_mean,wave=square,frequency_hz=872.727273,period=55,lag=2.5625,curve_rms=0.078141322,curve_max=0.256997510,wanted_magnitude_error_db=-32.690,wanted_complex_error_db=-22.079,alias_error_db=-22.079,dc=-0.000000241,gain=1.000611691,peak=1.349428149,max_step=1.559990406
minblep_quality,mode=minblep16_mean,wave=square,frequency_hz=6857.142857,period=7,lag=2.6250,curve_rms=0.279518894,curve_max=0.469149724,wanted_magnitude_error_db=-28.036,wanted_complex_error_db=-10.617,alias_error_db=-10.617,dc=0.000000017,gain=0.996568914,peak=1.485653615,max_step=1.583951284
minblep_fractional,taps=16,wave=square,frequency_hz=6857.142857,phases=16,worst_curve_rms=0.279686762,worst_alias_error_db=-10.612,worst_abs_dc=0.000000545,lag_min=2.6250,lag_max=2.6250
minblep_transition,taps=16,kind=pitch,mode=shipping1,wave=square,peak=1.000000000,dc=0.002486218,max_step=1.139947772,local_step=1.139381409
minblep_transition,taps=16,kind=pitch,mode=minblep,wave=square,peak=1.494996548,dc=0.002506871,max_step=1.697981834,local_step=1.697976232
minblep_transition,taps=16,kind=reset,mode=shipping1,wave=square,peak=1.000000000,dc=0.005139977,max_step=1.139947772,local_step=1.137822151
minblep_transition,taps=16,kind=reset,mode=minblep,wave=square,peak=1.410389185,dc=0.005139966,max_step=1.556311727,local_step=1.500533581
minblep_transition,taps=16,kind=width,mode=shipping1,wave=square,peak=1.379999995,dc=0.002158292,max_step=1.138255239,local_step=1.138051510
minblep_transition,taps=16,kind=width,mode=minblep,wave=square,peak=1.410397768,dc=0.191599399,max_step=1.555617571,local_step=1.555569649
minblep_parity,taps=16,wave=square,frames=4096,pitch_transition=1024,width_transition=2048,reset_transition=3072,max_abs_error=0.000000000
minblep_cpu,taps=16,block=24,wave=square,frequency_hz=440.000,scalar_current_ns=9.644,scalar_minblep_ns=10.816,scalar_ratio=1.121,x8_current_ns=25.280,x8_minblep_ns=39.490,x8_ratio=1.562,checksum=-1364050.750000000
minblep_cpu,taps=16,block=32,wave=square,frequency_hz=440.000,scalar_current_ns=15.231,scalar_minblep_ns=10.733,scalar_ratio=0.705,x8_current_ns=17.771,x8_minblep_ns=39.702,x8_ratio=2.234,checksum=447666.937500000
minblep_cpu,taps=16,block=24,wave=square,frequency_hz=3520.000,scalar_current_ns=24.939,scalar_minblep_ns=33.863,scalar_ratio=1.358,x8_current_ns=40.570,x8_minblep_ns=224.969,x8_ratio=5.545,checksum=-335899.312500000
minblep_cpu,taps=16,block=32,wave=square,frequency_hz=3520.000,scalar_current_ns=21.215,scalar_minblep_ns=31.365,scalar_ratio=1.478,x8_current_ns=44.733,x8_minblep_ns=232.143,x8_ratio=5.190,checksum=-127813.273437500
minblep_cpu,taps=16,block=24,wave=square,frequency_hz=7040.000,scalar_current_ns=18.495,scalar_minblep_ns=36.616,scalar_ratio=1.980,x8_current_ns=33.204,x8_minblep_ns=293.093,x8_ratio=8.827,checksum=-152398.859375000
minblep_cpu,taps=16,block=32,wave=square,frequency_hz=7040.000,scalar_current_ns=18.925,scalar_minblep_ns=38.330,scalar_ratio=2.025,x8_current_ns=31.226,x8_minblep_ns=282.411,x8_ratio=9.044,checksum=-330327.843750000
minblep_quality,mode=minblep16_mean,wave=pulse31,frequency_hz=110.091743,period=436,lag=2.5000,curve_rms=0.030169263,curve_max=0.237697245,wanted_magnitude_error_db=-45.300,wanted_complex_error_db=-29.730,alias_error_db=-30.401,dc=-0.379999814,gain=1.000096078,peak=1.321534232,max_step=1.556555834
minblep_quality,mode=minblep16_mean,wave=pulse31,frequency_hz=872.727273,period=55,lag=2.5625,curve_rms=0.084484427,curve_max=0.267285947,wanted_magnitude_error_db=-34.955,wanted_complex_error_db=-20.712,alias_error_db=-21.400,dc=-0.380000011,gain=1.000655542,peak=1.346753257,max_step=1.410265493
minblep_quality,mode=minblep16_mean,wave=pulse31,frequency_hz=6857.142857,period=7,lag=2.5000,curve_rms=0.118294469,curve_max=0.224376473,wanted_magnitude_error_db=-35.375,wanted_complex_error_db=-17.197,alias_error_db=-17.977,dc=-0.380000268,gain=1.011160622,peak=1.286111749,max_step=1.674652619
minblep_fractional,taps=16,wave=pulse31,frequency_hz=6857.142857,phases=16,worst_curve_rms=0.118294469,worst_alias_error_db=-17.977,worst_abs_dc=0.380000268,lag_min=2.5000,lag_max=2.5000
minblep_transition,taps=16,kind=pitch,mode=shipping1,wave=pulse31,peak=1.379999995,dc=0.000323669,max_step=1.139947772,local_step=1.131725550
minblep_transition,taps=16,kind=pitch,mode=minblep,wave=pulse31,peak=1.410049200,dc=-0.379554659,max_step=1.903711438,local_step=1.903689981
minblep_transition,taps=16,kind=reset,mode=shipping1,wave=pulse31,peak=1.379999995,dc=0.003958898,max_step=1.139947772,local_step=1.137822151
minblep_transition,taps=16,kind=reset,mode=minblep,wave=pulse31,peak=1.410372257,dc=-0.375459313,max_step=1.556303859,local_step=1.500533581
minblep_transition,taps=16,kind=width,mode=shipping1,wave=pulse31,peak=1.379999995,dc=-0.000000308,max_step=1.240000010,local_step=1.240000010
minblep_transition,taps=16,kind=width,mode=minblep,wave=pulse31,peak=1.410397768,dc=-0.000694393,max_step=1.555609703,local_step=1.555569649
minblep_parity,taps=16,wave=pulse31,frames=4096,pitch_transition=1024,width_transition=2048,reset_transition=3072,max_abs_error=0.000000000
minblep_cpu,taps=16,block=24,wave=pulse31,frequency_hz=440.000,scalar_current_ns=22.865,scalar_minblep_ns=14.662,scalar_ratio=0.641,x8_current_ns=43.703,x8_minblep_ns=75.056,x8_ratio=1.717,checksum=-3066011392.000000000
minblep_cpu,taps=16,block=32,wave=pulse31,frequency_hz=440.000,scalar_current_ns=13.244,scalar_minblep_ns=15.030,scalar_ratio=1.135,x8_current_ns=20.430,x8_minblep_ns=37.143,x8_ratio=1.818,checksum=-3084342528.000000000
minblep_cpu,taps=16,block=24,wave=pulse31,frequency_hz=3520.000,scalar_current_ns=19.881,scalar_minblep_ns=25.993,scalar_ratio=1.307,x8_current_ns=49.927,x8_minblep_ns=210.474,x8_ratio=4.216,checksum=-3083898368.000000000
minblep_cpu,taps=16,block=32,wave=pulse31,frequency_hz=3520.000,scalar_current_ns=14.486,scalar_minblep_ns=23.307,scalar_ratio=1.609,x8_current_ns=31.147,x8_minblep_ns=153.144,x8_ratio=4.917,checksum=-3084042496.000000000
minblep_cpu,taps=16,block=24,wave=pulse31,frequency_hz=7040.000,scalar_current_ns=26.784,scalar_minblep_ns=65.126,scalar_ratio=2.431,x8_current_ns=53.612,x8_minblep_ns=524.165,x8_ratio=9.777,checksum=-3083690240.000000000
minblep_cpu,taps=16,block=32,wave=pulse31,frequency_hz=7040.000,scalar_current_ns=27.329,scalar_minblep_ns=48.907,scalar_ratio=1.790,x8_current_ns=42.639,x8_minblep_ns=461.808,x8_ratio=10.831,checksum=-3084116736.000000000
minblep_quality,mode=minblep32_mean,wave=saw,frequency_hz=110.091743,period=436,lag=2.8750,curve_rms=0.028421928,curve_max=0.264674221,wanted_magnitude_error_db=-45.832,wanted_complex_error_db=-26.151,alias_error_db=-26.144,dc=0.000001587,gain=0.999906892,peak=1.255462548,max_step=1.424056738
minblep_quality,mode=minblep32_mean,wave=saw,frequency_hz=872.727273,period=55,lag=2.8750,curve_rms=0.083083727,curve_max=0.263952269,wanted_magnitude_error_db=-37.882,wanted_complex_error_db=-16.741,alias_error_db=-16.741,dc=-0.000000093,gain=0.999468100,peak=1.180310188,max_step=1.394772524
minblep_quality,mode=minblep32_mean,wave=saw,frequency_hz=6857.142857,period=7,lag=2.8750,curve_rms=0.249483105,curve_max=0.337893489,wanted_magnitude_error_db=-41.264,wanted_complex_error_db=-6.465,alias_error_db=-6.465,dc=0.000000000,gain=1.000503691,peak=0.968728640,max_step=1.270647726
minblep_fractional,taps=32,wave=saw,frequency_hz=6857.142857,phases=16,worst_curve_rms=0.249483105,worst_alias_error_db=-6.465,worst_abs_dc=0.000000187,lag_min=2.8750,lag_max=2.8750
minblep_transition,taps=32,kind=pitch,mode=shipping1,wave=saw,peak=0.966396630,dc=-0.001365282,max_step=1.121614456,local_step=0.841409147
minblep_transition,taps=32,kind=pitch,mode=minblep,wave=saw,peak=1.411372662,dc=-0.001678658,max_step=1.423187733,local_step=1.237377763
minblep_transition,taps=32,kind=reset,mode=shipping1,wave=saw,peak=0.966396630,dc=-0.002564344,max_step=1.121614456,local_step=1.119488955
minblep_transition,taps=32,kind=reset,mode=minblep,wave=saw,peak=1.411372662,dc=-0.002747244,max_step=1.423187733,local_step=1.286099195
minblep_parity,taps=32,wave=saw,frames=4096,pitch_transition=1024,width_transition=2048,reset_transition=3072,max_abs_error=0.000000000
minblep_cpu,taps=32,block=24,wave=saw,frequency_hz=440.000,scalar_current_ns=10.475,scalar_minblep_ns=22.570,scalar_ratio=2.155,x8_current_ns=8.996,x8_minblep_ns=41.892,x8_ratio=4.657,checksum=30674660.000000000
minblep_cpu,taps=32,block=32,wave=saw,frequency_hz=440.000,scalar_current_ns=10.003,scalar_minblep_ns=11.849,scalar_ratio=1.185,x8_current_ns=4.282,x8_minblep_ns=29.371,x8_ratio=6.858,checksum=222619.515625000
minblep_cpu,taps=32,block=24,wave=saw,frequency_hz=3520.000,scalar_current_ns=12.378,scalar_minblep_ns=31.624,scalar_ratio=2.555,x8_current_ns=5.767,x8_minblep_ns=166.873,x8_ratio=28.937,checksum=237051.578125000
minblep_cpu,taps=32,block=32,wave=saw,frequency_hz=3520.000,scalar_current_ns=30.447,scalar_minblep_ns=66.691,scalar_ratio=2.190,x8_current_ns=8.972,x8_minblep_ns=322.692,x8_ratio=35.965,checksum=93800.500000000
minblep_cpu,taps=32,block=24,wave=saw,frequency_hz=7040.000,scalar_current_ns=31.267,scalar_minblep_ns=82.725,scalar_ratio=2.646,x8_current_ns=12.341,x8_minblep_ns=588.843,x8_ratio=47.713,checksum=376345.250000000
minblep_cpu,taps=32,block=32,wave=saw,frequency_hz=7040.000,scalar_current_ns=47.542,scalar_minblep_ns=131.913,scalar_ratio=2.775,x8_current_ns=17.478,x8_minblep_ns=740.659,x8_ratio=42.377,checksum=465339.812500000
minblep_quality,mode=minblep32_mean,wave=square,frequency_hz=110.091743,period=436,lag=2.8750,curve_rms=0.040229837,curve_max=0.265245790,wanted_magnitude_error_db=-47.337,wanted_complex_error_db=-27.906,alias_error_db=-27.901,dc=-0.000001251,gain=0.999932652,peak=1.260802765,max_step=1.428727881
minblep_quality,mode=minblep32_mean,wave=square,frequency_hz=872.727273,period=55,lag=2.8750,curve_rms=0.120602331,curve_max=0.428945187,wanted_magnitude_error_db=-36.003,wanted_complex_error_db=-18.310,alias_error_db=-18.310,dc=-0.000000248,gain=0.999504965,peak=1.441218296,max_step=1.424599791
minblep_quality,mode=minblep32_mean,wave=square,frequency_hz=6857.142857,period=7,lag=2.8125,curve_rms=0.500753245,curve_max=0.727345375,wanted_magnitude_error_db=-37.842,wanted_complex_error_db=-5.553,alias_error_db=-5.553,dc=0.000000000,gain=1.000364246,peak=1.597698113,max_step=1.646859824
minblep_fractional,taps=32,wave=square,frequency_hz=6857.142857,phases=16,worst_curve_rms=0.500765302,worst_alias_error_db=-5.553,worst_abs_dc=0.000000170,lag_min=2.8125,lag_max=2.8125
minblep_transition,taps=32,kind=pitch,mode=shipping1,wave=square,peak=1.000000000,dc=0.002486218,max_step=1.139947772,local_step=1.139381409
minblep_transition,taps=32,kind=pitch,mode=minblep,wave=square,peak=1.633459568,dc=0.002602580,max_step=1.712154746,local_step=1.703759432
minblep_transition,taps=32,kind=reset,mode=shipping1,wave=square,peak=1.000000000,dc=0.005139977,max_step=1.139947772,local_step=1.137822151
minblep_transition,taps=32,kind=reset,mode=minblep,wave=square,peak=1.438682795,dc=0.005139973,max_step=1.441521168,local_step=1.341473460
minblep_transition,taps=32,kind=width,mode=shipping1,wave=square,peak=1.379999995,dc=0.002158292,max_step=1.138255239,local_step=1.138051510
minblep_transition,taps=32,kind=width,mode=minblep,wave=square,peak=1.436698437,dc=0.191491738,max_step=1.440955162,local_step=1.367143273
minblep_parity,taps=32,wave=square,frames=4096,pitch_transition=1024,width_transition=2048,reset_transition=3072,max_abs_error=0.000000000
minblep_cpu,taps=32,block=24,wave=square,frequency_hz=440.000,scalar_current_ns=10.569,scalar_minblep_ns=16.797,scalar_ratio=1.589,x8_current_ns=19.208,x8_minblep_ns=68.675,x8_ratio=3.575,checksum=-1289913.125000000
minblep_cpu,taps=32,block=32,wave=square,frequency_hz=440.000,scalar_current_ns=18.166,scalar_minblep_ns=20.567,scalar_ratio=1.132,x8_current_ns=26.728,x8_minblep_ns=63.005,x8_ratio=2.357,checksum=-357575.750000000
minblep_cpu,taps=32,block=24,wave=square,frequency_hz=3520.000,scalar_current_ns=14.331,scalar_minblep_ns=36.955,scalar_ratio=2.579,x8_current_ns=31.072,x8_minblep_ns=366.624,x8_ratio=11.799,checksum=-22019.814453125
minblep_cpu,taps=32,block=32,wave=square,frequency_hz=3520.000,scalar_current_ns=13.705,scalar_minblep_ns=37.305,scalar_ratio=2.722,x8_current_ns=29.298,x8_minblep_ns=265.438,x8_ratio=9.060,checksum=188136.953125000
minblep_cpu,taps=32,block=24,wave=square,frequency_hz=7040.000,scalar_current_ns=18.469,scalar_minblep_ns=65.789,scalar_ratio=3.562,x8_current_ns=30.793,x8_minblep_ns=520.843,x8_ratio=16.915,checksum=-150849.296875000
minblep_cpu,taps=32,block=32,wave=square,frequency_hz=7040.000,scalar_current_ns=18.545,scalar_minblep_ns=67.180,scalar_ratio=3.623,x8_current_ns=30.092,x8_minblep_ns=526.399,x8_ratio=17.493,checksum=3233.801269531
minblep_quality,mode=minblep32_mean,wave=pulse31,frequency_hz=110.091743,period=436,lag=2.8750,curve_rms=0.041023480,curve_max=0.344092203,wanted_magnitude_error_db=-50.051,wanted_complex_error_db=-27.066,alias_error_db=-27.731,dc=-0.379999812,gain=0.999953214,peak=1.260196488,max_step=1.436853918
minblep_quality,mode=minblep32_mean,wave=pulse31,frequency_hz=872.727273,period=55,lag=2.8750,curve_rms=0.116528235,curve_max=0.286657368,wanted_magnitude_error_db=-38.556,wanted_complex_error_db=-17.919,alias_error_db=-18.607,dc=-0.380000005,gain=0.999829767,peak=1.215722302,max_step=1.465922373
minblep_quality,mode=minblep32_mean,wave=pulse31,frequency_hz=6857.142857,period=7,lag=2.9375,curve_rms=0.143566496,curve_max=0.228961312,wanted_magnitude_error_db=-46.424,wanted_complex_error_db=-15.516,alias_error_db=-16.296,dc=-0.379999995,gain=1.001816253,peak=1.273276987,max_step=1.725071071
minblep_fractional,taps=32,wave=pulse31,frequency_hz=6857.142857,phases=16,worst_curve_rms=0.143901472,worst_alias_error_db=-16.275,worst_abs_dc=0.380000166,lag_min=2.9375,lag_max=2.9375
minblep_transition,taps=32,kind=pitch,mode=shipping1,wave=pulse31,peak=1.379999995,dc=0.000323669,max_step=1.139947772,local_step=1.131725550
minblep_transition,taps=32,kind=pitch,mode=minblep,wave=pulse31,peak=1.438660383,dc=-0.379478008,max_step=1.901361346,local_step=1.885368466
minblep_transition,taps=32,kind=reset,mode=shipping1,wave=pulse31,peak=1.379999995,dc=0.003958898,max_step=1.139947772,local_step=1.137822151
minblep_transition,taps=32,kind=reset,mode=minblep,wave=pulse31,peak=1.438660383,dc=-0.375352234,max_step=1.441522002,local_step=1.441522002
minblep_transition,taps=32,kind=width,mode=shipping1,wave=pulse31,peak=1.379999995,dc=-0.000000308,max_step=1.240000010,local_step=1.240000010
minblep_transition,taps=32,kind=width,mode=minblep,wave=pulse31,peak=1.439334154,dc=-0.000801811,max_step=1.440955162,local_step=1.437287807
minblep_parity,taps=32,wave=pulse31,frames=4096,pitch_transition=1024,width_transition=2048,reset_transition=3072,max_abs_error=0.000000000
minblep_cpu,taps=32,block=24,wave=pulse31,frequency_hz=440.000,scalar_current_ns=9.247,scalar_minblep_ns=10.240,scalar_ratio=1.107,x8_current_ns=17.325,x8_minblep_ns=44.252,x8_ratio=2.554,checksum=-3145395456.000000000
minblep_cpu,taps=32,block=32,wave=pulse31,frequency_hz=440.000,scalar_current_ns=9.759,scalar_minblep_ns=10.364,scalar_ratio=1.062,x8_current_ns=17.164,x8_minblep_ns=43.605,x8_ratio=2.540,checksum=-3084966656.000000000
minblep_cpu,taps=32,block=24,wave=pulse31,frequency_hz=3520.000,scalar_current_ns=13.551,scalar_minblep_ns=36.059,scalar_ratio=2.661,x8_current_ns=29.622,x8_minblep_ns=266.092,x8_ratio=8.983,checksum=-3083823616.000000000
minblep_cpu,taps=32,block=32,wave=pulse31,frequency_hz=3520.000,scalar_current_ns=14.329,scalar_minblep_ns=36.807,scalar_ratio=2.569,x8_current_ns=32.880,x8_minblep_ns=273.438,x8_ratio=8.316,checksum=-3084082432.000000000
minblep_cpu,taps=32,block=24,wave=pulse31,frequency_hz=7040.000,scalar_current_ns=18.598,scalar_minblep_ns=64.824,scalar_ratio=3.486,x8_current_ns=30.226,x8_minblep_ns=534.907,x8_ratio=17.697,checksum=-3084041472.000000000
minblep_cpu,taps=32,block=32,wave=pulse31,frequency_hz=7040.000,scalar_current_ns=18.848,scalar_minblep_ns=65.769,scalar_ratio=3.489,x8_current_ns=30.984,x8_minblep_ns=526.795,x8_ratio=17.002,checksum=-3084097280.000000000
ok

test result: ok. 1 passed; 0 failed; 0 ignored; 0 measured; 426 filtered out; finished in 112.66s


CORRECTED METRICS (release, no LTO, 32 codegen units)

running 1 test
test oscillators::va::minblep_experiment::sparse_minblep_ring_report ... minblep_contract,reference=ideal_harmonic_projection_ac,dc=reported_separately,error=ac_reconstruction_not_isolated_aliasing,runtime=fractional_crossing_event_deposit+fixed_ring,table_oversample=16,table_bytes=516|1028|2052,scalar_state_bytes=48|80|144,x8_state_bytes=352|608|1120,blocks=24|32
minblep_kernel,taps=8,mean_residual_area=-1.906430125,fractional_area_span=0.937499642,saw_dc_compensation=jump_x_event_rate_x_mean_area
minblep_kernel,taps=16,mean_residual_area=-2.381638527,fractional_area_span=0.937500477,saw_dc_compensation=jump_x_event_rate_x_mean_area
minblep_kernel,taps=32,mean_residual_area=-2.820178747,fractional_area_span=0.937500238,saw_dc_compensation=jump_x_event_rate_x_mean_area
minblep_quality,mode=shipping1,wave=saw,frequency_hz=110.091743,period=436,lag=33.0000,ac_curve_rms=0.006401791,ac_curve_max=0.099363638,wanted_magnitude_error_db=-40.965,wanted_complex_error_db=-39.243,ac_reconstruction_error_db=-39.091,dc=0.000001227,ac_gain=0.999765663,ac_peak=1.181337441,max_step=1.280701078
minblep_quality,mode=shipping2,wave=saw,frequency_hz=110.091743,period=436,lag=32.4375,ac_curve_rms=0.009549557,ac_curve_max=0.093643973,wanted_magnitude_error_db=-36.075,wanted_complex_error_db=-35.678,ac_reconstruction_error_db=-35.617,dc=0.000002088,ac_gain=1.004039344,ac_peak=1.171906893,max_step=1.247367104
minblep_quality,mode=shipping1,wave=saw,frequency_hz=872.727273,period=55,lag=-22.0000,ac_curve_rms=0.015875457,ac_curve_max=0.024341034,wanted_magnitude_error_db=-31.118,wanted_complex_error_db=-31.117,ac_reconstruction_error_db=-31.117,dc=0.000000333,ac_gain=0.998214442,ac_peak=1.137880062,max_step=1.139634381
minblep_quality,mode=shipping2,wave=saw,frequency_hz=872.727273,period=55,lag=-22.5000,ac_curve_rms=0.024684822,ac_curve_max=0.043552687,wanted_magnitude_error_db=-27.283,wanted_complex_error_db=-27.283,ac_reconstruction_error_db=-27.283,dc=0.000000377,ac_gain=0.996389322,ac_peak=1.133591871,max_step=1.135510485
minblep_quality,mode=shipping1,wave=saw,frequency_hz=6857.142857,period=7,lag=-2.0000,ac_curve_rms=0.003529083,ac_curve_max=0.005031927,wanted_magnitude_error_db=-43.453,wanted_complex_error_db=-43.453,ac_reconstruction_error_db=-43.453,dc=0.000000009,ac_gain=0.996915415,ac_peak=0.897066066,max_step=0.897066137
minblep_quality,mode=shipping2,wave=saw,frequency_hz=6857.142857,period=7,lag=-2.5000,ac_curve_rms=0.004374779,ac_curve_max=0.005221439,wanted_magnitude_error_db=-41.587,wanted_complex_error_db=-41.587,ac_reconstruction_error_db=-41.587,dc=-0.000000275,ac_gain=0.996517889,ac_peak=0.895710212,max_step=0.895757989
minblep_quality,mode=shipping1,wave=square,frequency_hz=110.091743,period=436,lag=33.0000,ac_curve_rms=0.009287588,ac_curve_max=0.100227506,wanted_magnitude_error_db=-42.498,wanted_complex_error_db=-40.773,ac_reconstruction_error_db=-40.634,dc=-0.000001303,ac_gain=0.999838098,ac_peak=1.185809962,max_step=1.286037467
minblep_quality,mode=shipping2,wave=square,frequency_hz=110.091743,period=436,lag=32.4375,ac_curve_rms=0.014044524,ac_curve_max=0.093883190,wanted_magnitude_error_db=-37.458,wanted_complex_error_db=-37.098,ac_reconstruction_error_db=-37.042,dc=-0.000002507,ac_gain=1.004591283,ac_peak=1.176757879,max_step=1.251983607
minblep_quality,mode=shipping1,wave=square,frequency_hz=872.727273,period=55,lag=-22.0000,ac_curve_rms=0.027797515,ac_curve_max=0.088174238,wanted_magnitude_error_db=-31.057,wanted_complex_error_db=-31.057,ac_reconstruction_error_db=-31.057,dc=-0.000000959,ac_gain=1.000592018,ac_peak=1.174216276,max_step=1.943034828
minblep_quality,mode=shipping2,wave=square,frequency_hz=872.727273,period=55,lag=-22.5000,ac_curve_rms=0.038337520,ac_curve_max=0.073610901,wanted_magnitude_error_db=-28.264,wanted_complex_error_db=-28.264,ac_reconstruction_error_db=-28.264,dc=-0.000000965,ac_gain=0.995201176,ac_peak=1.170223399,max_step=1.624491243
minblep_quality,mode=shipping1,wave=square,frequency_hz=6857.142857,period=7,lag=-2.0625,ac_curve_rms=0.098351387,ac_curve_max=0.164672833,wanted_magnitude_error_db=-23.479,wanted_complex_error_db=-19.690,ac_reconstruction_error_db=-19.690,dc=-0.000000043,ac_gain=1.021809914,ac_peak=1.242625523,max_step=2.094574755
minblep_quality,mode=shipping2,wave=square,frequency_hz=6857.142857,period=7,lag=-2.5000,ac_curve_rms=0.008400953,ac_curve_max=0.011778175,wanted_magnitude_error_db=-41.059,wanted_complex_error_db=-41.059,ac_reconstruction_error_db=-41.059,dc=0.000000430,ac_gain=0.996968563,ac_peak=1.174162643,max_step=1.908982671
minblep_quality,mode=shipping1,wave=pulse31,frequency_hz=110.091743,period=436,lag=33.0000,ac_curve_rms=0.008677378,ac_curve_max=0.097981815,wanted_magnitude_error_db=-43.761,wanted_complex_error_db=-40.756,ac_reconstruction_error_db=-40.545,dc=0.000000363,ac_gain=0.999866233,ac_peak=1.551257247,max_step=1.543289661
minblep_quality,mode=shipping2,wave=pulse31,frequency_hz=110.091743,period=436,lag=32.4375,ac_curve_rms=0.013627697,ac_curve_max=0.093217221,wanted_magnitude_error_db=-37.073,wanted_complex_error_db=-36.685,ac_reconstruction_error_db=-36.625,dc=-0.000000961,ac_gain=1.004372947,ac_peak=1.557260456,max_step=1.462959413
minblep_quality,mode=shipping1,wave=pulse31,frequency_hz=872.727273,period=55,lag=-22.0000,ac_curve_rms=0.023525585,ac_curve_max=0.035789178,wanted_magnitude_error_db=-32.357,wanted_complex_error_db=-31.817,ac_reconstruction_error_db=-31.817,dc=0.000000802,ac_gain=0.998474946,ac_peak=1.554214510,max_step=1.306206197
minblep_quality,mode=shipping2,wave=pulse31,frequency_hz=872.727273,period=55,lag=-22.5000,ac_curve_rms=0.034173283,ac_curve_max=0.059061914,wanted_magnitude_error_db=-28.574,wanted_complex_error_db=-28.574,ac_reconstruction_error_db=-28.574,dc=0.000000593,ac_gain=0.996752995,ac_peak=1.552940628,max_step=1.254632719
minblep_quality,mode=shipping1,wave=pulse31,frequency_hz=6857.142857,period=7,lag=-2.0000,ac_curve_rms=0.038239216,ac_curve_max=0.054511268,wanted_magnitude_error_db=-32.469,wanted_complex_error_db=-27.006,ac_reconstruction_error_db=-27.006,dc=0.000014011,ac_gain=0.997363959,ac_peak=1.676222261,max_step=1.389405191
minblep_quality,mode=shipping2,wave=pulse31,frequency_hz=6857.142857,period=7,lag=-2.5000,ac_curve_rms=0.002966579,ac_curve_max=0.006109040,wanted_magnitude_error_db=-49.215,wanted_complex_error_db=-49.212,ac_reconstruction_error_db=-49.212,dc=0.000006269,ac_gain=0.998301160,ac_peak=1.719115142,max_step=1.431881458
minblep_quality,mode=minblep8_mean,wave=saw,frequency_hz=110.091743,period=436,lag=2.0000,ac_curve_rms=0.015655098,ac_curve_max=0.211601140,wanted_magnitude_error_db=-41.312,wanted_complex_error_db=-31.354,ac_reconstruction_error_db=-31.324,dc=0.000001594,ac_gain=1.000001845,ac_peak=1.282404467,max_step=1.384254500
minblep_quality,mode=minblep8_mean,wave=saw,frequency_hz=872.727273,period=55,lag=2.0000,ac_curve_rms=0.045468322,ac_curve_max=0.202139220,wanted_magnitude_error_db=-33.596,wanted_complex_error_db=-21.978,ac_reconstruction_error_db=-21.978,dc=-0.000000053,ac_gain=1.000041007,ac_peak=1.243045038,max_step=1.368361831
minblep_quality,mode=minblep8_mean,wave=saw,frequency_hz=6857.142857,period=7,lag=2.0625,ac_curve_rms=0.104665641,ac_curve_max=0.173767828,wanted_magnitude_error_db=-23.702,wanted_complex_error_db=-14.010,ac_reconstruction_error_db=-14.010,dc=0.000000392,ac_gain=0.973290129,ac_peak=0.976104991,max_step=1.033982209
minblep_fractional,taps=8,wave=saw,frequency_hz=6857.142857,phases=16,worst_ac_curve_rms=0.125100621,worst_ac_reconstruction_error_db=-12.461,worst_abs_dc=0.000000392,lag_min=2.0000,lag_max=2.0625
minblep_transition,taps=8,kind=pitch,mode=shipping1,wave=saw,peak=0.966396630,dc=-0.001365282,max_step=1.121614456,local_step=0.841409147
minblep_transition,taps=8,kind=pitch,mode=minblep,wave=saw,peak=1.266138315,dc=-0.001468874,max_step=1.634970188,local_step=1.350689650
minblep_transition,taps=8,kind=reset,mode=shipping1,wave=saw,peak=0.966396630,dc=-0.002564344,max_step=1.121614456,local_step=1.119488955
minblep_transition,taps=8,kind=reset,mode=minblep,wave=saw,peak=1.266816616,dc=-0.002693760,max_step=1.634970188,local_step=1.510430574
minblep_parity,taps=8,wave=saw,frames=4096,pitch_transition=1024,width_transition=2048,reset_transition=3072,max_abs_error=0.000000000
minblep_cpu,taps=8,block=24,wave=saw,frequency_hz=440.000,scalar_current_ns=9.461,scalar_minblep_ns=9.024,scalar_ratio=0.954,x8_current_ns=4.474,x8_minblep_ns=12.849,x8_ratio=2.872,checksum=-13190275.000000000
minblep_cpu,taps=8,block=32,wave=saw,frequency_hz=440.000,scalar_current_ns=9.263,scalar_minblep_ns=9.077,scalar_ratio=0.980,x8_current_ns=4.168,x8_minblep_ns=12.855,x8_ratio=3.084,checksum=-785955.750000000
minblep_cpu,taps=8,block=24,wave=saw,frequency_hz=3520.000,scalar_current_ns=11.345,scalar_minblep_ns=12.504,scalar_ratio=1.102,x8_current_ns=5.752,x8_minblep_ns=41.901,x8_ratio=7.285,checksum=88627.968750000
minblep_cpu,taps=8,block=32,wave=saw,frequency_hz=3520.000,scalar_current_ns=11.195,scalar_minblep_ns=16.511,scalar_ratio=1.475,x8_current_ns=5.828,x8_minblep_ns=62.816,x8_ratio=10.779,checksum=366991.906250000
minblep_cpu,taps=8,block=24,wave=saw,frequency_hz=7040.000,scalar_current_ns=13.602,scalar_minblep_ns=33.116,scalar_ratio=2.435,x8_current_ns=6.365,x8_minblep_ns=138.771,x8_ratio=21.800,checksum=130003.851562500
minblep_cpu,taps=8,block=32,wave=saw,frequency_hz=7040.000,scalar_current_ns=17.732,scalar_minblep_ns=28.010,scalar_ratio=1.580,x8_current_ns=9.667,x8_minblep_ns=106.574,x8_ratio=11.024,checksum=501760.062500000
minblep_quality,mode=minblep8_mean,wave=square,frequency_hz=110.091743,period=436,lag=2.0000,ac_curve_rms=0.022245558,ac_curve_max=0.212276847,wanted_magnitude_error_db=-43.028,wanted_complex_error_db=-33.061,ac_reconstruction_error_db=-33.047,dc=-0.000001251,ac_gain=1.000001147,ac_peak=1.287643851,max_step=1.388841748
minblep_quality,mode=minblep8_mean,wave=square,frequency_hz=872.727273,period=55,lag=2.0000,ac_curve_rms=0.052107206,ac_curve_max=0.205524610,wanted_magnitude_error_db=-29.413,wanted_complex_error_db=-25.599,ac_reconstruction_error_db=-25.599,dc=-0.000000348,ac_gain=0.999511940,ac_peak=1.282806029,max_step=1.572763801
minblep_quality,mode=minblep8_mean,wave=square,frequency_hz=6857.142857,period=7,lag=2.0000,ac_curve_rms=0.170390759,ac_curve_max=0.235647240,wanted_magnitude_error_db=-19.317,wanted_complex_error_db=-14.917,ac_reconstruction_error_db=-14.917,dc=-0.000000783,ac_gain=0.960459224,ac_peak=1.240500041,max_step=1.545045495
minblep_fractional,taps=8,wave=square,frequency_hz=6857.142857,phases=16,worst_ac_curve_rms=0.170390924,worst_ac_reconstruction_error_db=-14.917,worst_abs_dc=0.000000783,lag_min=2.0000,lag_max=2.0000
minblep_transition,taps=8,kind=pitch,mode=shipping1,wave=square,peak=1.000000000,dc=0.002486218,max_step=1.139947772,local_step=1.139381409
minblep_transition,taps=8,kind=pitch,mode=minblep,wave=square,peak=1.286885023,dc=0.002454180,max_step=1.653303504,local_step=1.621898651
minblep_transition,taps=8,kind=reset,mode=shipping1,wave=square,peak=1.000000000,dc=0.005139977,max_step=1.139947772,local_step=1.137822151
minblep_transition,taps=8,kind=reset,mode=minblep,wave=square,peak=1.288485527,dc=0.005139972,max_step=1.653303504,local_step=1.528764009
minblep_transition,taps=8,kind=width,mode=shipping1,wave=square,peak=1.379999995,dc=0.002158292,max_step=1.138255239,local_step=1.138051510
minblep_transition,taps=8,kind=width,mode=minblep,wave=square,peak=1.288613796,dc=0.191698834,max_step=1.649624705,local_step=1.604106545
minblep_parity,taps=8,wave=square,frames=4096,pitch_transition=1024,width_transition=2048,reset_transition=3072,max_abs_error=0.000000000
minblep_cpu,taps=8,block=24,wave=square,frequency_hz=440.000,scalar_current_ns=19.308,scalar_minblep_ns=13.732,scalar_ratio=0.711,x8_current_ns=20.671,x8_minblep_ns=31.146,x8_ratio=1.507,checksum=-947253.312500000
minblep_cpu,taps=8,block=32,wave=square,frequency_hz=440.000,scalar_current_ns=19.355,scalar_minblep_ns=9.801,scalar_ratio=0.506,x8_current_ns=23.116,x8_minblep_ns=25.435,x8_ratio=1.100,checksum=1436248.250000000
minblep_cpu,taps=8,block=24,wave=square,frequency_hz=3520.000,scalar_current_ns=25.058,scalar_minblep_ns=15.324,scalar_ratio=0.612,x8_current_ns=59.524,x8_minblep_ns=103.331,x8_ratio=1.736,checksum=-191099.609375000
minblep_cpu,taps=8,block=32,wave=square,frequency_hz=3520.000,scalar_current_ns=23.691,scalar_minblep_ns=19.911,scalar_ratio=0.840,x8_current_ns=43.991,x8_minblep_ns=98.364,x8_ratio=2.236,checksum=-214767.265625000
minblep_cpu,taps=8,block=24,wave=square,frequency_hz=7040.000,scalar_current_ns=29.893,scalar_minblep_ns=34.448,scalar_ratio=1.152,x8_current_ns=46.378,x8_minblep_ns=196.909,x8_ratio=4.246,checksum=60642.496093750
minblep_cpu,taps=8,block=32,wave=square,frequency_hz=7040.000,scalar_current_ns=31.987,scalar_minblep_ns=32.929,scalar_ratio=1.029,x8_current_ns=50.390,x8_minblep_ns=181.436,x8_ratio=3.601,checksum=-266719.656250000
minblep_quality,mode=minblep8_mean,wave=pulse31,frequency_hz=110.091743,period=436,lag=2.0000,ac_curve_rms=0.020225521,ac_curve_max=0.213785789,wanted_magnitude_error_db=-44.300,wanted_complex_error_db=-33.271,ac_reconstruction_error_db=-33.195,dc=-0.379999813,ac_gain=1.000067553,ac_peak=1.667614397,max_step=1.584747672
minblep_quality,mode=minblep8_mean,wave=pulse31,frequency_hz=872.727273,period=55,lag=2.0000,ac_curve_rms=0.063335538,ac_curve_max=0.218878965,wanted_magnitude_error_db=-35.611,wanted_complex_error_db=-23.215,ac_reconstruction_error_db=-23.215,dc=-0.380000003,ac_gain=1.000474782,ac_peak=1.662805685,max_step=1.475949526
minblep_quality,mode=minblep8_mean,wave=pulse31,frequency_hz=6857.142857,period=7,lag=2.0000,ac_curve_rms=0.085225765,ac_curve_max=0.128009388,wanted_magnitude_error_db=-30.347,wanted_complex_error_db=-20.045,ac_reconstruction_error_db=-20.045,dc=-0.380000285,ac_gain=0.992855003,ac_peak=1.657333306,max_step=1.526127100
minblep_fractional,taps=8,wave=pulse31,frequency_hz=6857.142857,phases=16,worst_ac_curve_rms=0.100055628,worst_ac_reconstruction_error_db=-18.652,worst_abs_dc=0.380000421,lag_min=2.0000,lag_max=2.0000
minblep_transition,taps=8,kind=pitch,mode=shipping1,wave=pulse31,peak=1.379999995,dc=0.000323669,max_step=1.139947772,local_step=1.131725550
minblep_transition,taps=8,kind=pitch,mode=minblep,wave=pulse31,peak=1.286911249,dc=-0.379608452,max_step=1.708125353,local_step=1.697525501
minblep_transition,taps=8,kind=reset,mode=shipping1,wave=pulse31,peak=1.379999995,dc=0.003958898,max_step=1.139947772,local_step=1.137822151
minblep_transition,taps=8,kind=reset,mode=minblep,wave=pulse31,peak=1.288485527,dc=-0.375577092,max_step=1.653303504,local_step=1.647919297
minblep_transition,taps=8,kind=width,mode=shipping1,wave=pulse31,peak=1.379999995,dc=-0.000000308,max_step=1.240000010,local_step=1.240000010
minblep_transition,taps=8,kind=width,mode=minblep,wave=pulse31,peak=1.288613796,dc=-0.000594861,max_step=1.649624705,local_step=1.649269819
minblep_parity,taps=8,wave=pulse31,frames=4096,pitch_transition=1024,width_transition=2048,reset_transition=3072,max_abs_error=0.000000000
minblep_cpu,taps=8,block=24,wave=pulse31,frequency_hz=440.000,scalar_current_ns=20.104,scalar_minblep_ns=9.473,scalar_ratio=0.471,x8_current_ns=30.382,x8_minblep_ns=25.982,x8_ratio=0.855,checksum=-3058103552.000000000
minblep_cpu,taps=8,block=32,wave=pulse31,frequency_hz=440.000,scalar_current_ns=22.748,scalar_minblep_ns=12.992,scalar_ratio=0.571,x8_current_ns=22.542,x8_minblep_ns=26.667,x8_ratio=1.183,checksum=-3084787712.000000000
minblep_cpu,taps=8,block=24,wave=pulse31,frequency_hz=3520.000,scalar_current_ns=26.651,scalar_minblep_ns=20.189,scalar_ratio=0.758,x8_current_ns=49.644,x8_minblep_ns=95.272,x8_ratio=1.919,checksum=-3084355328.000000000
minblep_cpu,taps=8,block=32,wave=pulse31,frequency_hz=3520.000,scalar_current_ns=37.268,scalar_minblep_ns=32.330,scalar_ratio=0.868,x8_current_ns=72.643,x8_minblep_ns=165.899,x8_ratio=2.284,checksum=-3084493568.000000000
minblep_cpu,taps=8,block=24,wave=pulse31,frequency_hz=7040.000,scalar_current_ns=41.851,scalar_minblep_ns=40.123,scalar_ratio=0.959,x8_current_ns=58.100,x8_minblep_ns=262.389,x8_ratio=4.516,checksum=-3083724800.000000000
minblep_cpu,taps=8,block=32,wave=pulse31,frequency_hz=7040.000,scalar_current_ns=49.944,scalar_minblep_ns=43.822,scalar_ratio=0.877,x8_current_ns=72.286,x8_minblep_ns=279.015,x8_ratio=3.860,checksum=-3084215552.000000000
minblep_quality,mode=minblep16_mean,wave=saw,frequency_hz=110.091743,period=436,lag=2.5000,ac_curve_rms=0.020780828,ac_curve_max=0.234623890,wanted_magnitude_error_db=-41.074,wanted_complex_error_db=-28.872,ac_reconstruction_error_db=-28.863,dc=0.000001590,ac_gain=1.000083798,ac_peak=1.315412120,max_step=1.403882168
minblep_quality,mode=minblep16_mean,wave=saw,frequency_hz=872.727273,period=55,lag=2.5625,ac_curve_rms=0.058410614,ac_curve_max=0.240087558,wanted_magnitude_error_db=-33.036,wanted_complex_error_db=-19.802,ac_reconstruction_error_db=-19.802,dc=-0.000000092,ac_gain=1.000298082,ac_peak=1.296275820,max_step=1.323076319
minblep_quality,mode=minblep16_mean,wave=saw,frequency_hz=6857.142857,period=7,lag=2.6250,ac_curve_rms=0.154859946,ac_curve_max=0.244250446,wanted_magnitude_error_db=-29.608,wanted_complex_error_db=-10.607,ac_reconstruction_error_db=-10.607,dc=0.000000000,ac_gain=1.003025790,ac_peak=1.062009389,max_step=1.079499730
minblep_fractional,taps=16,wave=saw,frequency_hz=6857.142857,phases=16,worst_ac_curve_rms=0.154859946,worst_ac_reconstruction_error_db=-10.607,worst_abs_dc=0.000000255,lag_min=2.5625,lag_max=2.6250
minblep_transition,taps=16,kind=pitch,mode=shipping1,wave=saw,peak=0.966396630,dc=-0.001365282,max_step=1.121614456,local_step=0.841409147
minblep_transition,taps=16,kind=pitch,mode=minblep,wave=saw,peak=1.384738803,dc=-0.001548830,max_step=1.537970543,local_step=1.291066527
minblep_transition,taps=16,kind=reset,mode=shipping1,wave=saw,peak=0.966396630,dc=-0.002564344,max_step=1.121614456,local_step=1.119488955
minblep_transition,taps=16,kind=reset,mode=minblep,wave=saw,peak=1.385712504,dc=-0.002721568,max_step=1.537970543,local_step=1.482200265
minblep_parity,taps=16,wave=saw,frames=4096,pitch_transition=1024,width_transition=2048,reset_transition=3072,max_abs_error=0.000000000
minblep_cpu,taps=16,block=24,wave=saw,frequency_hz=440.000,scalar_current_ns=20.857,scalar_minblep_ns=20.508,scalar_ratio=0.983,x8_current_ns=4.713,x8_minblep_ns=33.172,x8_ratio=7.038,checksum=-9131927.000000000
minblep_cpu,taps=16,block=32,wave=saw,frequency_hz=440.000,scalar_current_ns=17.572,scalar_minblep_ns=21.812,scalar_ratio=1.241,x8_current_ns=8.897,x8_minblep_ns=38.206,x8_ratio=4.294,checksum=-326067.156250000
minblep_cpu,taps=16,block=24,wave=saw,frequency_hz=3520.000,scalar_current_ns=24.515,scalar_minblep_ns=40.621,scalar_ratio=1.657,x8_current_ns=6.095,x8_minblep_ns=166.583,x8_ratio=27.329,checksum=276535.406250000
minblep_cpu,taps=16,block=32,wave=saw,frequency_hz=3520.000,scalar_current_ns=31.832,scalar_minblep_ns=37.859,scalar_ratio=1.189,x8_current_ns=14.606,x8_minblep_ns=178.706,x8_ratio=12.235,checksum=311621.562500000
minblep_cpu,taps=16,block=24,wave=saw,frequency_hz=7040.000,scalar_current_ns=22.541,scalar_minblep_ns=37.033,scalar_ratio=1.643,x8_current_ns=12.205,x8_minblep_ns=249.157,x8_ratio=20.414,checksum=203949.671875000
minblep_cpu,taps=16,block=32,wave=saw,frequency_hz=7040.000,scalar_current_ns=16.658,scalar_minblep_ns=29.762,scalar_ratio=1.787,x8_current_ns=6.592,x8_minblep_ns=175.146,x8_ratio=26.570,checksum=575689.937500000
minblep_quality,mode=minblep16_mean,wave=square,frequency_hz=110.091743,period=436,lag=2.5000,ac_curve_rms=0.029544503,ac_curve_max=0.235326007,wanted_magnitude_error_db=-42.716,wanted_complex_error_db=-30.591,ac_reconstruction_error_db=-30.582,dc=-0.000001251,ac_gain=1.000058515,ac_peak=1.320696217,max_step=1.408189567
minblep_quality,mode=minblep16_mean,wave=square,frequency_hz=872.727273,period=55,lag=2.5625,ac_curve_rms=0.078141322,ac_curve_max=0.256997750,wanted_magnitude_error_db=-32.690,wanted_complex_error_db=-22.079,ac_reconstruction_error_db=-22.079,dc=-0.000000241,ac_gain=1.000611691,ac_peak=1.349428390,max_step=1.559990406
minblep_quality,mode=minblep16_mean,wave=square,frequency_hz=6857.142857,period=7,lag=2.6250,ac_curve_rms=0.279518894,ac_curve_max=0.469149707,wanted_magnitude_error_db=-28.036,wanted_complex_error_db=-10.617,ac_reconstruction_error_db=-10.617,dc=0.000000017,ac_gain=0.996568914,ac_peak=1.485653598,max_step=1.583951284
minblep_fractional,taps=16,wave=square,frequency_hz=6857.142857,phases=16,worst_ac_curve_rms=0.279686762,worst_ac_reconstruction_error_db=-10.612,worst_abs_dc=0.000000545,lag_min=2.6250,lag_max=2.6250
minblep_transition,taps=16,kind=pitch,mode=shipping1,wave=square,peak=1.000000000,dc=0.002486218,max_step=1.139947772,local_step=1.139381409
minblep_transition,taps=16,kind=pitch,mode=minblep,wave=square,peak=1.494996548,dc=0.002506871,max_step=1.697981834,local_step=1.697976232
minblep_transition,taps=16,kind=reset,mode=shipping1,wave=square,peak=1.000000000,dc=0.005139977,max_step=1.139947772,local_step=1.137822151
minblep_transition,taps=16,kind=reset,mode=minblep,wave=square,peak=1.410389185,dc=0.005139966,max_step=1.556311727,local_step=1.500533581
minblep_transition,taps=16,kind=width,mode=shipping1,wave=square,peak=1.379999995,dc=0.002158292,max_step=1.138255239,local_step=1.138051510
minblep_transition,taps=16,kind=width,mode=minblep,wave=square,peak=1.410397768,dc=0.191599399,max_step=1.555617571,local_step=1.555569649
minblep_parity,taps=16,wave=square,frames=4096,pitch_transition=1024,width_transition=2048,reset_transition=3072,max_abs_error=0.000000000
minblep_cpu,taps=16,block=24,wave=square,frequency_hz=440.000,scalar_current_ns=13.644,scalar_minblep_ns=9.381,scalar_ratio=0.688,x8_current_ns=18.741,x8_minblep_ns=30.125,x8_ratio=1.607,checksum=-1364050.750000000
minblep_cpu,taps=16,block=32,wave=square,frequency_hz=440.000,scalar_current_ns=14.449,scalar_minblep_ns=10.580,scalar_ratio=0.732,x8_current_ns=19.336,x8_minblep_ns=33.062,x8_ratio=1.710,checksum=447666.937500000
minblep_cpu,taps=16,block=24,wave=square,frequency_hz=3520.000,scalar_current_ns=22.915,scalar_minblep_ns=24.666,scalar_ratio=1.076,x8_current_ns=36.134,x8_minblep_ns=172.242,x8_ratio=4.767,checksum=-335899.312500000
minblep_cpu,taps=16,block=32,wave=square,frequency_hz=3520.000,scalar_current_ns=20.529,scalar_minblep_ns=22.530,scalar_ratio=1.098,x8_current_ns=35.639,x8_minblep_ns=154.192,x8_ratio=4.326,checksum=-127813.273437500
minblep_cpu,taps=16,block=24,wave=square,frequency_hz=7040.000,scalar_current_ns=23.763,scalar_minblep_ns=37.841,scalar_ratio=1.592,x8_current_ns=37.621,x8_minblep_ns=297.258,x8_ratio=7.901,checksum=-152398.859375000
minblep_cpu,taps=16,block=32,wave=square,frequency_hz=7040.000,scalar_current_ns=24.310,scalar_minblep_ns=38.518,scalar_ratio=1.584,x8_current_ns=35.611,x8_minblep_ns=292.585,x8_ratio=8.216,checksum=-330327.843750000
minblep_quality,mode=minblep16_mean,wave=pulse31,frequency_hz=110.091743,period=436,lag=2.5000,ac_curve_rms=0.030169263,ac_curve_max=0.237697059,wanted_magnitude_error_db=-45.300,wanted_complex_error_db=-29.730,ac_reconstruction_error_db=-29.722,dc=-0.379999814,ac_gain=1.000112410,ac_peak=1.701534046,max_step=1.556555834
minblep_quality,mode=minblep16_mean,wave=pulse31,frequency_hz=872.727273,period=55,lag=2.5625,ac_curve_rms=0.084484427,ac_curve_max=0.267285958,wanted_magnitude_error_db=-34.955,wanted_complex_error_db=-20.712,ac_reconstruction_error_db=-20.712,dc=-0.380000011,ac_gain=1.000768064,ac_peak=1.726753268,max_step=1.410265493
minblep_quality,mode=minblep16_mean,wave=pulse31,frequency_hz=6857.142857,period=7,lag=2.5000,ac_curve_rms=0.118294469,ac_curve_max=0.224376205,wanted_magnitude_error_db=-35.375,wanted_complex_error_db=-17.197,ac_reconstruction_error_db=-17.197,dc=-0.380000268,ac_gain=1.013341805,ac_peak=1.634688431,max_step=1.674652619
minblep_fractional,taps=16,wave=pulse31,frequency_hz=6857.142857,phases=16,worst_ac_curve_rms=0.118294469,worst_ac_reconstruction_error_db=-17.197,worst_abs_dc=0.380000268,lag_min=2.5000,lag_max=2.5000
minblep_transition,taps=16,kind=pitch,mode=shipping1,wave=pulse31,peak=1.379999995,dc=0.000323669,max_step=1.139947772,local_step=1.131725550
minblep_transition,taps=16,kind=pitch,mode=minblep,wave=pulse31,peak=1.410049200,dc=-0.379554659,max_step=1.903711438,local_step=1.903689981
minblep_transition,taps=16,kind=reset,mode=shipping1,wave=pulse31,peak=1.379999995,dc=0.003958898,max_step=1.139947772,local_step=1.137822151
minblep_transition,taps=16,kind=reset,mode=minblep,wave=pulse31,peak=1.410372257,dc=-0.375459313,max_step=1.556303859,local_step=1.500533581
minblep_transition,taps=16,kind=width,mode=shipping1,wave=pulse31,peak=1.379999995,dc=-0.000000308,max_step=1.240000010,local_step=1.240000010
minblep_transition,taps=16,kind=width,mode=minblep,wave=pulse31,peak=1.410397768,dc=-0.000694393,max_step=1.555609703,local_step=1.555569649
minblep_parity,taps=16,wave=pulse31,frames=4096,pitch_transition=1024,width_transition=2048,reset_transition=3072,max_abs_error=0.000000000
minblep_cpu,taps=16,block=24,wave=pulse31,frequency_hz=440.000,scalar_current_ns=13.364,scalar_minblep_ns=8.486,scalar_ratio=0.635,x8_current_ns=19.303,x8_minblep_ns=29.207,x8_ratio=1.513,checksum=-3066011392.000000000
minblep_cpu,taps=16,block=32,wave=pulse31,frequency_hz=440.000,scalar_current_ns=13.440,scalar_minblep_ns=8.765,scalar_ratio=0.652,x8_current_ns=18.449,x8_minblep_ns=33.258,x8_ratio=1.803,checksum=-3084342528.000000000
minblep_cpu,taps=16,block=24,wave=pulse31,frequency_hz=3520.000,scalar_current_ns=18.167,scalar_minblep_ns=22.687,scalar_ratio=1.249,x8_current_ns=39.587,x8_minblep_ns=157.694,x8_ratio=3.984,checksum=-3083898368.000000000
minblep_cpu,taps=16,block=32,wave=pulse31,frequency_hz=3520.000,scalar_current_ns=18.329,scalar_minblep_ns=28.112,scalar_ratio=1.534,x8_current_ns=34.350,x8_minblep_ns=157.063,x8_ratio=4.572,checksum=-3084042496.000000000
minblep_cpu,taps=16,block=24,wave=pulse31,frequency_hz=7040.000,scalar_current_ns=24.195,scalar_minblep_ns=37.434,scalar_ratio=1.547,x8_current_ns=37.447,x8_minblep_ns=288.672,x8_ratio=7.709,checksum=-3083690240.000000000
minblep_cpu,taps=16,block=32,wave=pulse31,frequency_hz=7040.000,scalar_current_ns=27.551,scalar_minblep_ns=44.738,scalar_ratio=1.624,x8_current_ns=36.247,x8_minblep_ns=300.854,x8_ratio=8.300,checksum=-3084116736.000000000
minblep_quality,mode=minblep32_mean,wave=saw,frequency_hz=110.091743,period=436,lag=2.8750,ac_curve_rms=0.028421928,ac_curve_max=0.264675808,wanted_magnitude_error_db=-45.832,wanted_complex_error_db=-26.151,ac_reconstruction_error_db=-26.144,dc=0.000001587,ac_gain=0.999906892,ac_peak=1.255464135,max_step=1.424056738
minblep_quality,mode=minblep32_mean,wave=saw,frequency_hz=872.727273,period=55,lag=2.8750,ac_curve_rms=0.083083727,ac_curve_max=0.263952363,wanted_magnitude_error_db=-37.882,wanted_complex_error_db=-16.741,ac_reconstruction_error_db=-16.741,dc=-0.000000093,ac_gain=0.999468100,ac_peak=1.180310094,max_step=1.394772524
minblep_quality,mode=minblep32_mean,wave=saw,frequency_hz=6857.142857,period=7,lag=2.8750,ac_curve_rms=0.249483105,ac_curve_max=0.337893489,wanted_magnitude_error_db=-41.264,wanted_complex_error_db=-6.465,ac_reconstruction_error_db=-6.465,dc=0.000000000,ac_gain=1.000503691,ac_peak=0.968728640,max_step=1.270647726
minblep_fractional,taps=32,wave=saw,frequency_hz=6857.142857,phases=16,worst_ac_curve_rms=0.249483105,worst_ac_reconstruction_error_db=-6.465,worst_abs_dc=0.000000187,lag_min=2.8750,lag_max=2.8750
minblep_transition,taps=32,kind=pitch,mode=shipping1,wave=saw,peak=0.966396630,dc=-0.001365282,max_step=1.121614456,local_step=0.841409147
minblep_transition,taps=32,kind=pitch,mode=minblep,wave=saw,peak=1.411372662,dc=-0.001678658,max_step=1.423187733,local_step=1.237377763
minblep_transition,taps=32,kind=reset,mode=shipping1,wave=saw,peak=0.966396630,dc=-0.002564344,max_step=1.121614456,local_step=1.119488955
minblep_transition,taps=32,kind=reset,mode=minblep,wave=saw,peak=1.411372662,dc=-0.002747244,max_step=1.423187733,local_step=1.286099195
minblep_parity,taps=32,wave=saw,frames=4096,pitch_transition=1024,width_transition=2048,reset_transition=3072,max_abs_error=0.000000000
minblep_cpu,taps=32,block=24,wave=saw,frequency_hz=440.000,scalar_current_ns=8.737,scalar_minblep_ns=10.228,scalar_ratio=1.171,x8_current_ns=4.518,x8_minblep_ns=27.834,x8_ratio=6.161,checksum=30674660.000000000
minblep_cpu,taps=32,block=32,wave=saw,frequency_hz=440.000,scalar_current_ns=8.906,scalar_minblep_ns=10.797,scalar_ratio=1.212,x8_current_ns=4.120,x8_minblep_ns=25.226,x8_ratio=6.123,checksum=222619.515625000
minblep_cpu,taps=32,block=24,wave=saw,frequency_hz=3520.000,scalar_current_ns=11.237,scalar_minblep_ns=25.241,scalar_ratio=2.246,x8_current_ns=5.758,x8_minblep_ns=155.088,x8_ratio=26.932,checksum=237051.578125000
minblep_cpu,taps=32,block=32,wave=saw,frequency_hz=3520.000,scalar_current_ns=11.965,scalar_minblep_ns=23.109,scalar_ratio=1.931,x8_current_ns=5.751,x8_minblep_ns=149.810,x8_ratio=26.047,checksum=93800.500000000
minblep_cpu,taps=32,block=24,wave=saw,frequency_hz=7040.000,scalar_current_ns=13.393,scalar_minblep_ns=37.291,scalar_ratio=2.784,x8_current_ns=6.017,x8_minblep_ns=285.110,x8_ratio=47.384,checksum=376345.250000000
minblep_cpu,taps=32,block=32,wave=saw,frequency_hz=7040.000,scalar_current_ns=13.476,scalar_minblep_ns=41.608,scalar_ratio=3.088,x8_current_ns=5.852,x8_minblep_ns=283.598,x8_ratio=48.458,checksum=465339.812500000
minblep_quality,mode=minblep32_mean,wave=square,frequency_hz=110.091743,period=436,lag=2.8750,ac_curve_rms=0.040229837,ac_curve_max=0.265244539,wanted_magnitude_error_db=-47.337,wanted_complex_error_db=-27.906,ac_reconstruction_error_db=-27.901,dc=-0.000001251,ac_gain=0.999932652,ac_peak=1.260801514,max_step=1.428727881
minblep_quality,mode=minblep32_mean,wave=square,frequency_hz=872.727273,period=55,lag=2.8750,ac_curve_rms=0.120602331,ac_curve_max=0.428944940,wanted_magnitude_error_db=-36.003,wanted_complex_error_db=-18.310,ac_reconstruction_error_db=-18.310,dc=-0.000000248,ac_gain=0.999504965,ac_peak=1.441218048,max_step=1.424599791
minblep_quality,mode=minblep32_mean,wave=square,frequency_hz=6857.142857,period=7,lag=2.8125,ac_curve_rms=0.500753245,ac_curve_max=0.727345375,wanted_magnitude_error_db=-37.842,wanted_complex_error_db=-5.553,ac_reconstruction_error_db=-5.553,dc=0.000000000,ac_gain=1.000364246,ac_peak=1.597698113,max_step=1.646859824
minblep_fractional,taps=32,wave=square,frequency_hz=6857.142857,phases=16,worst_ac_curve_rms=0.500765302,worst_ac_reconstruction_error_db=-5.553,worst_abs_dc=0.000000170,lag_min=2.8125,lag_max=2.8125
minblep_transition,taps=32,kind=pitch,mode=shipping1,wave=square,peak=1.000000000,dc=0.002486218,max_step=1.139947772,local_step=1.139381409
minblep_transition,taps=32,kind=pitch,mode=minblep,wave=square,peak=1.633459568,dc=0.002602580,max_step=1.712154746,local_step=1.703759432
minblep_transition,taps=32,kind=reset,mode=shipping1,wave=square,peak=1.000000000,dc=0.005139977,max_step=1.139947772,local_step=1.137822151
minblep_transition,taps=32,kind=reset,mode=minblep,wave=square,peak=1.438682795,dc=0.005139973,max_step=1.441521168,local_step=1.341473460
minblep_transition,taps=32,kind=width,mode=shipping1,wave=square,peak=1.379999995,dc=0.002158292,max_step=1.138255239,local_step=1.138051510
minblep_transition,taps=32,kind=width,mode=minblep,wave=square,peak=1.436698437,dc=0.191491738,max_step=1.440955162,local_step=1.367143273
minblep_parity,taps=32,wave=square,frames=4096,pitch_transition=1024,width_transition=2048,reset_transition=3072,max_abs_error=0.000000000
minblep_cpu,taps=32,block=24,wave=square,frequency_hz=440.000,scalar_current_ns=13.638,scalar_minblep_ns=11.216,scalar_ratio=0.822,x8_current_ns=20.963,x8_minblep_ns=43.886,x8_ratio=2.094,checksum=-1289913.125000000
minblep_cpu,taps=32,block=32,wave=square,frequency_hz=440.000,scalar_current_ns=14.358,scalar_minblep_ns=11.319,scalar_ratio=0.788,x8_current_ns=18.472,x8_minblep_ns=46.503,x8_ratio=2.517,checksum=-357575.750000000
minblep_cpu,taps=32,block=24,wave=square,frequency_hz=3520.000,scalar_current_ns=18.213,scalar_minblep_ns=35.893,scalar_ratio=1.971,x8_current_ns=36.626,x8_minblep_ns=282.852,x8_ratio=7.723,checksum=-22019.814453125
minblep_cpu,taps=32,block=32,wave=square,frequency_hz=3520.000,scalar_current_ns=19.342,scalar_minblep_ns=38.911,scalar_ratio=2.012,x8_current_ns=35.706,x8_minblep_ns=275.198,x8_ratio=7.707,checksum=188136.953125000
minblep_cpu,taps=32,block=24,wave=square,frequency_hz=7040.000,scalar_current_ns=23.805,scalar_minblep_ns=66.422,scalar_ratio=2.790,x8_current_ns=36.940,x8_minblep_ns=562.243,x8_ratio=15.220,checksum=-150849.296875000
minblep_cpu,taps=32,block=32,wave=square,frequency_hz=7040.000,scalar_current_ns=27.710,scalar_minblep_ns=70.275,scalar_ratio=2.536,x8_current_ns=35.251,x8_minblep_ns=563.321,x8_ratio=15.980,checksum=3233.801269531
minblep_quality,mode=minblep32_mean,wave=pulse31,frequency_hz=110.091743,period=436,lag=2.8750,ac_curve_rms=0.041023480,ac_curve_max=0.344092391,wanted_magnitude_error_db=-50.051,wanted_complex_error_db=-27.066,ac_reconstruction_error_db=-27.053,dc=-0.379999812,ac_gain=0.999945384,ac_peak=1.640196300,max_step=1.436853918
minblep_quality,mode=minblep32_mean,wave=pulse31,frequency_hz=872.727273,period=55,lag=2.8750,ac_curve_rms=0.116528235,ac_curve_max=0.286657373,wanted_magnitude_error_db=-38.556,wanted_complex_error_db=-17.919,ac_reconstruction_error_db=-17.919,dc=-0.380000005,ac_gain=0.999800529,ac_peak=1.595722307,max_step=1.465922373
minblep_quality,mode=minblep32_mean,wave=pulse31,frequency_hz=6857.142857,period=7,lag=2.9375,ac_curve_rms=0.143566496,ac_curve_max=0.228961308,wanted_magnitude_error_db=-46.424,wanted_complex_error_db=-15.516,ac_reconstruction_error_db=-15.516,dc=-0.379999995,ac_gain=1.002173206,ac_peak=1.572868051,max_step=1.725071071
minblep_fractional,taps=32,wave=pulse31,frequency_hz=6857.142857,phases=16,worst_ac_curve_rms=0.143901472,worst_ac_reconstruction_error_db=-15.495,worst_abs_dc=0.380000166,lag_min=2.9375,lag_max=2.9375
minblep_transition,taps=32,kind=pitch,mode=shipping1,wave=pulse31,peak=1.379999995,dc=0.000323669,max_step=1.139947772,local_step=1.131725550
minblep_transition,taps=32,kind=pitch,mode=minblep,wave=pulse31,peak=1.438660383,dc=-0.379478008,max_step=1.901361346,local_step=1.885368466
minblep_transition,taps=32,kind=reset,mode=shipping1,wave=pulse31,peak=1.379999995,dc=0.003958898,max_step=1.139947772,local_step=1.137822151
minblep_transition,taps=32,kind=reset,mode=minblep,wave=pulse31,peak=1.438660383,dc=-0.375352234,max_step=1.441522002,local_step=1.441522002
minblep_transition,taps=32,kind=width,mode=shipping1,wave=pulse31,peak=1.379999995,dc=-0.000000308,max_step=1.240000010,local_step=1.240000010
minblep_transition,taps=32,kind=width,mode=minblep,wave=pulse31,peak=1.439334154,dc=-0.000801811,max_step=1.440955162,local_step=1.437287807
minblep_parity,taps=32,wave=pulse31,frames=4096,pitch_transition=1024,width_transition=2048,reset_transition=3072,max_abs_error=0.000000000
minblep_cpu,taps=32,block=24,wave=pulse31,frequency_hz=440.000,scalar_current_ns=13.704,scalar_minblep_ns=10.397,scalar_ratio=0.759,x8_current_ns=21.367,x8_minblep_ns=45.093,x8_ratio=2.110,checksum=-3145395456.000000000
minblep_cpu,taps=32,block=32,wave=pulse31,frequency_hz=440.000,scalar_current_ns=14.475,scalar_minblep_ns=10.417,scalar_ratio=0.720,x8_current_ns=18.418,x8_minblep_ns=45.773,x8_ratio=2.485,checksum=-3084966656.000000000
minblep_cpu,taps=32,block=24,wave=pulse31,frequency_hz=3520.000,scalar_current_ns=18.087,scalar_minblep_ns=41.161,scalar_ratio=2.276,x8_current_ns=35.152,x8_minblep_ns=291.519,x8_ratio=8.293,checksum=-3083823616.000000000
minblep_cpu,taps=32,block=32,wave=pulse31,frequency_hz=3520.000,scalar_current_ns=22.475,scalar_minblep_ns=37.593,scalar_ratio=1.673,x8_current_ns=35.488,x8_minblep_ns=286.292,x8_ratio=8.067,checksum=-3084082432.000000000
minblep_cpu,taps=32,block=24,wave=pulse31,frequency_hz=7040.000,scalar_current_ns=23.910,scalar_minblep_ns=71.434,scalar_ratio=2.988,x8_current_ns=39.155,x8_minblep_ns=571.582,x8_ratio=14.598,checksum=-3084041472.000000000
minblep_cpu,taps=32,block=32,wave=pulse31,frequency_hz=7040.000,scalar_current_ns=42.019,scalar_minblep_ns=121.119,scalar_ratio=2.882,x8_current_ns=73.478,x8_minblep_ns=1645.860,x8_ratio=22.399,checksum=-3084097280.000000000
ok

test result: ok. 1 passed; 0 failed; 0 ignored; 0 measured; 430 filtered out; finished in 114.36s
